// Jest Snapshot v1, https://goo.gl/fbAQLP

exports[`Input render with props should render input 1`] = `
.emotion-0 {
  display: block;
  font-size: 0.875rem;
  line-height: 1.25rem;
  font-weight: 500;
  --tw-text-opacity: 1;
  color: rgba(55, 65, 81, var(--tw-text-opacity));
}

.emotion-0 {
  display: block;
  font-size: 0.875rem;
  line-height: 1.25rem;
  font-weight: 500;
  --tw-text-opacity: 1;
  color: rgba(55, 65, 81, var(--tw-text-opacity));
}

<label
  class="emotion-0"
>
  Label
</label>
`;
